0 verbose cli /data/data/com.termux/files/usr/bin/node /data/data/com.termux/files/usr/bin/npm
1 info using npm@11.20.0
2 info using node@v26.4.0
3 silly config load:file:/data/data/com.termux/files/usr/lib/node_modules/npm/npmrc
4 silly config load:file:/data/data/com.termux/files/home/ai-sandbox-backend/.npmrc
5 silly config load:file:/data/data/com.termux/files/home/.npmrc
6 silly config load:file:/data/data/com.termux/files/usr/etc/npmrc
7 verbose title npm install
8 verbose argv "install" "--force"
9 verbose logfile logs-max:10 dir:/data/data/com.termux/files/home/.npm/_logs/2026-10-03T18_07_21_720Z-
10 verbose logfile /data/data/com.termux/files/home/.npm/_logs/2026-10-03T18_07_21_720Z-debug-0.log
11 warn using --force Recommended protections disabled.
12 silly logfile start cleaning logs, removing 1 files
13 silly packumentCache heap:1040711680 maxSize:260177920 maxEntrySize:130088960
14 silly logfile done cleaning log files
15 silly idealTree buildDeps
16 silly reify moves {}
17 silly audit bulk request {
17 silly audit   '@next/env': [ '14.2.35' ],
17 silly audit   '@next/swc-darwin-arm64': [ '14.2.33' ],
17 silly audit   '@next/swc-darwin-x64': [ '14.2.33' ],
17 silly audit   '@next/swc-linux-arm64-gnu': [ '14.2.33' ],
17 silly audit   '@next/swc-linux-arm64-musl': [ '14.2.33' ],
17 silly audit   '@next/swc-linux-x64-gnu': [ '14.2.33' ],
17 silly audit   '@next/swc-linux-x64-musl': [ '14.2.33' ],
17 silly audit   '@next/swc-win32-arm64-msvc': [ '14.2.33' ],
17 silly audit   '@next/swc-win32-ia32-msvc': [ '14.2.33' ],
17 silly audit   '@next/swc-win32-x64-msvc': [ '14.2.33' ],
17 silly audit   '@prisma/client': [ '5.22.0' ],
17 silly audit   '@prisma/debug': [ '5.22.0' ],
17 silly audit   '@prisma/engines': [ '5.22.0' ],
17 silly audit   '@prisma/engines-version': [ '5.22.0-44.605197351a3c8bdd595af2d2a9bc3025bca48ea2' ],
17 silly audit   '@prisma/fetch-engine': [ '5.22.0' ],
17 silly audit   '@prisma/get-platform': [ '5.22.0' ],
17 silly audit   '@swc/counter': [ '0.1.3' ],
17 silly audit   '@swc/helpers': [ '0.5.5' ],
17 silly audit   bcryptjs: [ '2.4.3' ],
17 silly audit   'buffer-equal-constant-time': [ '1.0.1' ],
17 silly audit   busboy: [ '1.6.0' ],
17 silly audit   'caniuse-lite': [ '1.0.30001814' ],
17 silly audit   'client-only': [ '0.0.1' ],
17 silly audit   'ecdsa-sig-formatter': [ '1.0.11' ],
17 silly audit   fsevents: [ '2.3.3' ],
17 silly audit   'graceful-fs': [ '4.2.11' ],
17 silly audit   'js-tokens': [ '4.0.0' ],
17 silly audit   jsonwebtoken: [ '9.0.3' ],
17 silly audit   jwa: [ '2.0.1' ],
17 silly audit   jws: [ '4.0.1' ],
17 silly audit   'lodash.includes': [ '4.3.0' ],
17 silly audit   'lodash.isboolean': [ '3.0.3' ],
17 silly audit   'lodash.isinteger': [ '4.0.4' ],
17 silly audit   'lodash.isnumber': [ '3.0.3' ],
17 silly audit   'lodash.isplainobject': [ '4.0.6' ],
17 silly audit   'lodash.isstring': [ '4.0.1' ],
17 silly audit   'lodash.once': [ '4.1.1' ],
17 silly audit   'loose-envify': [ '1.4.0' ],
17 silly audit   ms: [ '2.1.3' ],
17 silly audit   nanoid: [ '3.3.19' ],
17 silly audit   next: [ '14.2.35' ],
17 silly audit   picocolors: [ '1.1.1' ],
17 silly audit   postcss: [ '8.4.31' ],
17 silly audit   prisma: [ '5.22.0' ],
17 silly audit   react: [ '18.3.1' ],
17 silly audit   'react-dom': [ '18.3.1' ],
17 silly audit   'safe-buffer': [ '5.2.1' ],
17 silly audit   scheduler: [ '0.23.2' ],
17 silly audit   semver: [ '7.8.5' ],
17 silly audit   'source-map-js': [ '1.2.2' ],
17 silly audit   streamsearch: [ '1.1.0' ],
17 silly audit   'styled-jsx': [ '5.1.1' ],
17 silly audit   tslib: [ '2.8.1' ]
17 silly audit }
18 http fetch POST 200 https://registry.npmjs.org/-/npm/v1/security/advisories/bulk 525ms
19 silly audit report {
19 silly audit report   next: [
19 silly audit report     {
19 silly audit report       id: 1117931,
19 silly audit report       url: 'https://github.com/advisories/GHSA-8h8q-6873-q5fj',
19 silly audit report       title: 'Next.js Vulnerable to Denial of Service with Server Components',
19 silly audit report       severity: 'high',
19 silly audit report       vulnerable_versions: '>=13.0.0 <15.5.16',
19 silly audit report       cwe: [Array],
19 silly audit report       cvss: [Object]
19 silly audit report     },
19 silly audit report     {
19 silly audit report       id: 1118942,
19 silly audit report       url: 'https://github.com/advisories/GHSA-3g8h-86w9-wvmq',
19 silly audit report       title: "Next.js's Middleware / Proxy redirects can be cache-poisoned",
19 silly audit report       severity: 'low',
19 silly audit report       vulnerable_versions: '>=12.2.0 <15.5.16',
19 silly audit report       cwe: [Array],
19 silly audit report       cvss: [Object]
19 silly audit report     },
19 silly audit report     {
19 silly audit report       id: 1118944,
19 silly audit report       url: 'https://github.com/advisories/GHSA-ffhc-5mcf-pf4q',
19 silly audit report       title: 'Next.js vulnerable to cross-site scripting in App Router applications using CSP nonces',
19 silly audit report       severity: 'moderate',
19 silly audit report       vulnerable_versions: '>=13.4.0 <15.5.16',
19 silly audit report       cwe: [Array],
19 silly audit report       cvss: [Object]
19 silly audit report     },
19 silly audit report     {
19 silly audit report       id: 1118946,
19 silly audit report       url: 'https://github.com/advisories/GHSA-vfv6-92ff-j949',
19 silly audit report       title: 'Next.js vulnerable to cache poisoning via collisions in React Server Component cache-busting',
19 silly audit report       severity: 'low',
19 silly audit report       vulnerable_versions: '>=13.4.6 <15.5.16',
19 silly audit report       cwe: [Array],
19 silly audit report       cvss: [Object]
19 silly audit report     },
19 silly audit report     {
19 silly audit report       id: 1118948,
19 silly audit report       url: 'https://github.com/advisories/GHSA-gx5p-jg67-6x7h',
19 silly audit report       title: 'Next.js has cross-site scripting in beforeInteractive scripts with untrusted input',
19 silly audit report       severity: 'moderate',
19 silly audit report       vulnerable_versions: '>=13.0.0 <15.5.16',
19 silly audit report       cwe: [Array],
19 silly audit report       cvss: [Object]
19 silly audit report     },
19 silly audit report     {
19 silly audit report       id: 1118952,
19 silly audit report       url: 'https://github.com/advisories/GHSA-h64f-5h5j-jqjh',
19 silly audit report       title: 'Next.js has a Denial of Service in the Image Optimization API',
19 silly audit report       severity: 'moderate',
19 silly audit report       vulnerable_versions: '>=10.0.0 <15.5.16',
19 silly audit report       cwe: [Array],
19 silly audit report       cvss: [Object]
19 silly audit report     },
19 silly audit report     {
19 silly audit report       id: 1118954,
19 silly audit report       url: 'https://github.com/advisories/GHSA-c4j6-fc7j-m34r',
19 silly audit report       title: 'Next.js vulnerable to server-side request forgery in applications using WebSocket upgrades',
19 silly audit report       severity: 'high',
19 silly audit report       vulnerable_versions: '>=13.4.13 <15.5.16',
19 silly audit report       cwe: [Array],
19 silly audit report       cvss: [Object]
19 silly audit report     },
19 silly audit report     {
19 silly audit report       id: 1118958,
19 silly audit report       url: 'https://github.com/advisories/GHSA-wfc6-r584-vfw7',
19 silly audit report       title: 'Next.js vulnerable to cache poisoning in React Server Component responses',
19 silly audit report       severity: 'moderate',
19 silly audit report       vulnerable_versions: '>=14.2.0 <15.5.16',
19 silly audit report       cwe: [Array],
19 silly audit report       cvss: [Object]
19 silly audit report     },
19 silly audit report     {
19 silly audit report       id: 1118962,
19 silly audit report       url: 'https://github.com/advisories/GHSA-36qx-fr4f-26g5',
19 silly audit report       title: 'Next.js has a Middleware / Proxy bypass in Pages Router applications using i18n',
19 silly audit report       severity: 'high',
19 silly audit report       vulnerable_versions: '>=12.2.0 <15.5.16',
19 silly audit report       cwe: [Array],
19 silly audit report       cvss: [Object]
19 silly audit report     },
19 silly audit report     {
19 silly audit report       id: 1112593,
19 silly audit report       url: 'https://github.com/advisories/GHSA-9g9p-9gw9-jx7f',
19 silly audit report       title: 'Next.js self-hosted applications vulnerable to DoS via Image Optimizer remotePatterns configuration',
19 silly audit report       severity: 'moderate',
19 silly audit report       vulnerable_versions: '>=10.0.0 <15.5.10',
19 silly audit report       cwe: [Array],
19 silly audit report       cvss: [Object]
19 silly audit report     },
19 silly audit report     {
19 silly audit report       id: 1112653,
19 silly audit report       url: 'https://github.com/advisories/GHSA-h25m-26qc-wcjf',
19 silly audit report       title: 'Next.js HTTP request deserialization can lead to DoS when using insecure React Server Components',
19 silly audit report       severity: 'high',
19 silly audit report       vulnerable_versions: '>=13.0.0 <15.0.8',
19 silly audit report       cwe: [Array],
19 silly audit report       cvss: [Object]
19 silly audit report     },
19 silly audit report     {
19 silly audit report       id: 1114897,
19 silly audit report       url: 'https://github.com/advisories/GHSA-ggv3-7p47-pfv8',
19 silly audit report       title: 'Next.js: HTTP request smuggling in rewrites',
19 silly audit report       severity: 'moderate',
19 silly audit report       vulnerable_versions: '>=9.5.0 <15.5.13',
19 silly audit report       cwe: [Array],
19 silly audit report       cvss: [Object]
19 silly audit report     },
19 silly audit report     {
19 silly audit report       id: 1114940,
19 silly audit report       url: 'https://github.com/advisories/GHSA-3x4c-7xq6-9pq8',
19 silly audit report       title: 'Next.js: Unbounded next/image disk cache growth can exhaust storage',
19 silly audit report       severity: 'moderate',
19 silly audit report       vulnerable_versions: '>=10.0.0 <15.5.14',
19 silly audit report       cwe: [Array],
19 silly audit report       cvss: [Object]
19 silly audit report     },
19 silly audit report     {
19 silly audit report       id: 1116376,
19 silly audit report       url: 'https://github.com/advisories/GHSA-q4gf-8mx6-v5v3',
19 silly audit report       title: 'Next.js has a Denial of Service with Server Components',
19 silly audit report       severity: 'high',
19 silly audit report       vulnerable_versions: '>=13.0.0 <15.5.15',
19 silly audit report       cwe: [Array],
19 silly audit report       cvss: [Object]
19 silly audit report     },
19 silly audit report     {
19 silly audit report       id: 1124185,
19 silly audit report       url: 'https://github.com/advisories/GHSA-89xv-2m56-2m9x',
19 silly audit report       title: 'Next.js: Server-Side Request Forgery in Server Actions on custom servers',
19 silly audit report       severity: 'high',
19 silly audit report       vulnerable_versions: '>=14.1.1 <15.5.21',
19 silly audit report       cwe: [Array],
19 silly audit report       cvss: [Object]
19 silly audit report     },
19 silly audit report     {
19 silly audit report       id: 1124172,
19 silly audit report       url: 'https://github.com/advisories/GHSA-m99w-x7hq-7vfj',
19 silly audit report       title: 'Next.js: Denial of Service in App Router using Server Actions',
19 silly audit report       severity: 'high',
19 silly audit report       vulnerable_versions: '>=13.0.0 <15.5.21',
19 silly audit report       cwe: [Array],
19 silly audit report       cvss: [Object]
19 silly audit report     },
19 silly audit report     {
19 silly audit report       id: 1124187,
19 silly audit report       url: 'https://github.com/advisories/GHSA-68g3-v927-f742',
19 silly audit report       title: 'Next.js: Cache confusion of response bodies for requests with bodies',
19 silly audit report       severity: 'moderate',
19 silly audit report       vulnerable_versions: '>=13.0.0 <15.5.21',
19 silly audit report       cwe: [Array],
19 silly audit report       cvss: [Object]
19 silly audit report     },
19 silly audit report     {
19 silly audit report       id: 1124189,
19 silly audit report       url: 'https://github.com/advisories/GHSA-4633-3j49-mh5q',
19 silly audit report       title: 'Next.js: Cache confusion of response bodies for requests with bodies containing invalid UTF-8 byte sequences',
19 silly audit report       severity: 'moderate',
19 silly audit report       vulnerable_versions: '>=13.0.0 <15.5.21',
19 silly audit report       cwe: [Array],
19 silly audit report       cvss: [Object]
19 silly audit report     },
19 silly audit report     {
19 silly audit report       id: 1124191,
19 silly audit report       url: 'https://github.com/advisories/GHSA-4c39-4ccg-62r3',
19 silly audit report       title: 'Next.js: Unbounded Server Action payload in Edge runtime',
19 silly audit report       severity: 'moderate',
19 silly audit report       vulnerable_versions: '>=13.0.0 <15.5.21',
19 silly audit report       cwe: [Array],
19 silly audit report       cvss: [Object]
19 silly audit report     },
19 silly audit report     {
19 silly audit report       id: 1124193,
19 silly audit report       url: 'https://github.com/advisories/GHSA-p9j2-gv94-2wf4',
19 silly audit report       title: 'Next.js: Server-Side Request Forgery in rewrites via attacker-controlled destination hostname',
19 silly audit report       severity: 'high',
19 silly audit report       vulnerable_versions: '>=12.0.0 <15.5.21',
19 silly audit report       cwe: [Array],
19 silly audit report       cvss: [Object]
19 silly audit report     },
19 silly audit report     {
19 silly audit report       id: 1124197,
19 silly audit report       url: 'https://github.com/advisories/GHSA-955p-x3mx-jcvp',
19 silly audit report       title: 'Next.js: Unauthenticated disclosure of internal Server Function endpoints',
19 silly audit report       severity: 'moderate',
19 silly audit report       vulnerable_versions: '>=13.0.0 <15.5.21',
19 silly audit report       cwe: [Array],
19 silly audit report       cvss: [Object]
19 silly audit report     },
19 silly audit report     {
19 silly audit report       id: 1193677,
19 silly audit report       url: 'https://github.com/advisories/GHSA-p293-qw3h-jr36',
19 silly audit report       title: 'Next.js: Unauthenticated Remote Code Execution on windows-hosted servers',
19 silly audit report       severity: 'critical',
19 silly audit report       vulnerable_versions: '>=13.4.0 <15.5.24',
19 silly audit report       cwe: [Array],
19 silly audit report       cvss: [Object]
19 silly audit report     },
19 silly audit report     {
19 silly audit report       id: 1193733,
19 silly audit report       url: 'https://github.com/advisories/GHSA-2xp9-vwfh-vxw4',
19 silly audit report       title: 'Next.js: Unauthenticated Remote Code Execution in Image Optimization API when AVIF files are used',
19 silly audit report       severity: 'critical',
19 silly audit report       vulnerable_versions: '>=10.0.0 <15.5.24',
19 silly audit report       cwe: [Array],
19 silly audit report       cvss: [Object]
19 silly audit report     }
19 silly audit report   ],
19 silly audit report   postcss: [
19 silly audit report     {
19 silly audit report       id: 1130709,
19 silly audit report       url: 'https://github.com/advisories/GHSA-fxqj-rqcc-2cmp',
19 silly audit report       title: 'PostCSS: incomplete fix of GHSA-6g55-p6wh-862q — attacker-controlled sourceMappingURL reads arbitrary .map files when `from` is unset',
19 silly audit report       severity: 'moderate',
19 silly audit report       vulnerable_versions: '<=8.5.22',
19 silly audit report       cwe: [Array],
19 silly audit report       cvss: [Object]
19 silly audit report     },
19 silly audit report     {
19 silly audit report       id: 1117015,
19 silly audit report       url: 'https://github.com/advisories/GHSA-qx2v-qp2m-jg93',
19 silly audit report       title: 'PostCSS has XSS via Unescaped </style> in its CSS Stringify Output',
19 silly audit report       severity: 'moderate',
19 silly audit report       vulnerable_versions: '<8.5.10',
19 silly audit report       cwe: [Array],
19 silly audit report       cvss: [Object]
19 silly audit report     },
19 silly audit report     {
19 silly audit report       id: 1124252,
19 silly audit report       url: 'https://github.com/advisories/GHSA-6g55-p6wh-862q',
19 silly audit report       title: 'PostCSS: Arbitrary file read and information disclosure via attacker-controlled sourceMappingURL in CSS comments',
19 silly audit report       severity: 'high',
19 silly audit report       vulnerable_versions: '<=8.5.11',
19 silly audit report       cwe: [Array],
19 silly audit report       cvss: [Object]
19 silly audit report     },
19 silly audit report     {
19 silly audit report       id: 1139510,
19 silly audit report       url: 'https://github.com/advisories/GHSA-r28c-9q8g-f849',
19 silly audit report       title: 'PostCSS: Path Traversal in Previous Source Map Auto-Loading (sourceMappingURL) leads to Arbitrary .map File Disclosure',
19 silly audit report       severity: 'high',
19 silly audit report       vulnerable_versions: '<=8.5.17',
19 silly audit report       cwe: [Array],
19 silly audit report       cvss: [Object]
19 silly audit report     }
19 silly audit report   ]
19 silly audit report }
20 silly packumentCache corgi:https://registry.npmjs.org/next cache-miss
21 silly packumentCache corgi:https://registry.npmjs.org/postcss cache-miss
22 http cache https://registry.npmjs.org/postcss 192ms (cache hit)
23 silly packumentCache corgi:https://registry.npmjs.org/postcss set size:357674 disposed:false
24 http cache https://registry.npmjs.org/next 384ms (cache hit)
25 silly packumentCache corgi:https://registry.npmjs.org/next set size:25607776 disposed:false
26 warn install-scripts 3 packages have install scripts not yet covered by allowScripts:
26 warn install-scripts   @prisma/client@5.22.0 (postinstall: node scripts/postinstall.js)
26 warn install-scripts   @prisma/engines@5.22.0 (postinstall: node scripts/postinstall.js)
26 warn install-scripts   prisma@5.22.0 (preinstall: node scripts/preinstall-entry.js)
26 warn install-scripts
26 warn install-scripts Run `npm install-scripts ls` to review, or `npm install-scripts approve <pkg>` to allow.
27 verbose cwd /data/data/com.termux/files/home/ai-sandbox-backend
28 verbose os Linux 6.6.89-android15-8-abA146PXXSJEZH6-4k
29 verbose node v26.4.0
30 verbose npm  v11.20.0
31 verbose exit 0
32 info ok
