0 verbose cli /data/data/com.termux/files/usr/bin/node /data/data/com.termux/files/usr/bin/npm
1 info using npm@11.20.0
2 info using node@v26.4.0
3 silly config load:file:/data/data/com.termux/files/usr/lib/node_modules/npm/npmrc
4 silly config load:file:/data/data/com.termux/files/home/ai-sandbox-backend/.npmrc
5 silly config load:file:/data/data/com.termux/files/home/.npmrc
6 silly config load:file:/data/data/com.termux/files/usr/etc/npmrc
7 verbose title npm install
8 verbose argv "install" "--force"
9 verbose logfile logs-max:10 dir:/data/data/com.termux/files/home/.npm/_logs/2026-10-03T18_06_18_535Z-
10 verbose logfile /data/data/com.termux/files/home/.npm/_logs/2026-10-03T18_06_18_535Z-debug-0.log
11 warn using --force Recommended protections disabled.
12 silly logfile done cleaning log files
13 silly packumentCache heap:1040711680 maxSize:260177920 maxEntrySize:130088960
14 silly idealTree buildDeps
15 silly fetch manifest next@^14.2.0
16 silly packumentCache full:https://registry.npmjs.org/next cache-miss
17 http fetch GET 200 https://registry.npmjs.org/next 673ms (cache revalidated)
18 silly packumentCache full:https://registry.npmjs.org/next set size:31356235 disposed:false
19 silly fetch manifest react@^18.3.1
20 silly packumentCache full:https://registry.npmjs.org/react cache-miss
21 http cache https://registry.npmjs.org/react 54ms (cache hit)
22 silly packumentCache full:https://registry.npmjs.org/react set size:7016423 disposed:false
23 silly fetch manifest react-dom@^18.3.1
24 silly packumentCache full:https://registry.npmjs.org/react-dom cache-miss
25 http fetch GET 200 https://registry.npmjs.org/react-dom 179ms (cache revalidated)
26 silly packumentCache full:https://registry.npmjs.org/react-dom set size:9455352 disposed:false
27 silly fetch manifest @prisma/client@^5.13.0
28 silly packumentCache full:https://registry.npmjs.org/@prisma%2fclient cache-miss
29 http fetch GET 200 https://registry.npmjs.org/@prisma%2fclient 553ms (cache revalidated)
30 silly packumentCache full:https://registry.npmjs.org/@prisma%2fclient set size:68510937 disposed:false
31 silly fetch manifest prisma@^5.13.0
32 silly packumentCache full:https://registry.npmjs.org/prisma cache-miss
33 http cache https://registry.npmjs.org/prisma 237ms (cache hit)
34 silly packumentCache full:https://registry.npmjs.org/prisma set size:43943466 disposed:false
35 silly fetch manifest bcryptjs@^2.4.3
36 silly packumentCache full:https://registry.npmjs.org/bcryptjs cache-miss
37 http fetch GET 200 https://registry.npmjs.org/bcryptjs 106ms (cache revalidated)
38 silly packumentCache full:https://registry.npmjs.org/bcryptjs set size:80385 disposed:false
39 silly fetch manifest jsonwebtoken@^9.0.2
40 silly packumentCache full:https://registry.npmjs.org/jsonwebtoken cache-miss
41 http fetch GET 200 https://registry.npmjs.org/jsonwebtoken 128ms (cache revalidated)
42 silly packumentCache full:https://registry.npmjs.org/jsonwebtoken set size:183413 disposed:false
43 silly placeDep ROOT @prisma/client@5.22.0 OK for: ai-sandbox-backend@4.2.0 want: ^5.13.0
44 silly placeDep ROOT bcryptjs@2.4.3 OK for: ai-sandbox-backend@4.2.0 want: ^2.4.3
45 silly placeDep ROOT jsonwebtoken@9.0.3 OK for: ai-sandbox-backend@4.2.0 want: ^9.0.2
46 silly placeDep ROOT next@14.2.35 OK for: ai-sandbox-backend@4.2.0 want: ^14.2.0
47 silly placeDep ROOT react@18.3.1 OK for: next@14.2.35 want: ^18.2.0
48 silly placeDep ROOT react-dom@18.3.1 OK for: next@14.2.35 want: ^18.2.0
49 silly placeDep ROOT prisma@5.22.0 OK for: ai-sandbox-backend@4.2.0 want: ^5.13.0
50 silly fetch manifest ms@^2.1.1
51 silly packumentCache full:https://registry.npmjs.org/ms cache-miss
52 silly fetch manifest jws@^4.0.1
53 silly packumentCache full:https://registry.npmjs.org/jws cache-miss
54 silly fetch manifest semver@^7.5.4
55 silly packumentCache full:https://registry.npmjs.org/semver cache-miss
56 silly fetch manifest lodash.once@^4.0.0
57 silly packumentCache full:https://registry.npmjs.org/lodash.once cache-miss
58 silly fetch manifest lodash.includes@^4.3.0
59 silly packumentCache full:https://registry.npmjs.org/lodash.includes cache-miss
60 silly fetch manifest lodash.isnumber@^3.0.3
61 silly packumentCache full:https://registry.npmjs.org/lodash.isnumber cache-miss
62 silly fetch manifest lodash.isstring@^4.0.1
63 silly packumentCache full:https://registry.npmjs.org/lodash.isstring cache-miss
64 http cache https://registry.npmjs.org/ms 77ms (cache hit)
65 silly packumentCache full:https://registry.npmjs.org/ms set size:92208 disposed:false
66 silly fetch manifest lodash.isboolean@^3.0.3
67 silly packumentCache full:https://registry.npmjs.org/lodash.isboolean cache-miss
68 http cache https://registry.npmjs.org/semver 85ms (cache hit)
69 silly packumentCache full:https://registry.npmjs.org/semver set size:246128 disposed:false
70 silly fetch manifest lodash.isinteger@^4.0.4
71 silly packumentCache full:https://registry.npmjs.org/lodash.isinteger cache-miss
72 http fetch GET 200 https://registry.npmjs.org/jws 115ms (cache revalidated)
73 silly packumentCache full:https://registry.npmjs.org/jws set size:48740 disposed:false
74 silly fetch manifest lodash.isplainobject@^4.0.6
75 silly packumentCache full:https://registry.npmjs.org/lodash.isplainobject cache-miss
76 http fetch GET 200 https://registry.npmjs.org/lodash.isboolean 224ms (cache revalidated)
77 silly packumentCache full:https://registry.npmjs.org/lodash.isboolean set size:21437 disposed:false
78 silly fetch manifest busboy@1.6.0
79 silly packumentCache full:https://registry.npmjs.org/busboy cache-miss
80 http fetch GET 200 https://registry.npmjs.org/lodash.once 353ms (cache revalidated)
81 silly packumentCache full:https://registry.npmjs.org/lodash.once set size:23407 disposed:false
82 silly fetch manifest postcss@8.4.31
83 silly packumentCache full:https://registry.npmjs.org/postcss cache-miss
84 http fetch GET 200 https://registry.npmjs.org/lodash.includes 357ms (cache revalidated)
85 silly packumentCache full:https://registry.npmjs.org/lodash.includes set size:27594 disposed:false
86 silly fetch manifest @next/env@14.2.35
87 silly packumentCache full:https://registry.npmjs.org/@next%2fenv cache-miss
88 http fetch GET 200 https://registry.npmjs.org/lodash.isnumber 361ms (cache revalidated)
89 silly packumentCache full:https://registry.npmjs.org/lodash.isnumber set size:21368 disposed:false
90 silly fetch manifest styled-jsx@5.1.1
91 silly packumentCache full:https://registry.npmjs.org/styled-jsx cache-miss
92 http fetch GET 200 https://registry.npmjs.org/lodash.isstring 364ms (cache revalidated)
93 silly packumentCache full:https://registry.npmjs.org/lodash.isstring set size:21368 disposed:false
94 silly fetch manifest graceful-fs@^4.2.11
95 silly packumentCache full:https://registry.npmjs.org/graceful-fs cache-miss
96 http cache https://registry.npmjs.org/graceful-fs 23ms (cache hit)
97 silly packumentCache full:https://registry.npmjs.org/graceful-fs set size:124285 disposed:false
98 silly fetch manifest @swc/helpers@0.5.5
99 silly packumentCache full:https://registry.npmjs.org/@swc%2fhelpers cache-miss
100 http cache https://registry.npmjs.org/postcss 52ms (cache hit)
101 silly packumentCache full:https://registry.npmjs.org/postcss set size:766699 disposed:false
102 silly fetch manifest caniuse-lite@^1.0.30001579
103 silly packumentCache full:https://registry.npmjs.org/caniuse-lite cache-miss
104 http fetch GET 200 https://registry.npmjs.org/busboy 143ms (cache revalidated)
105 silly packumentCache full:https://registry.npmjs.org/busboy set size:78901 disposed:false
106 silly fetch manifest @next/swc-darwin-x64@14.2.33
107 silly packumentCache full:https://registry.npmjs.org/@next%2fswc-darwin-x64 cache-miss
108 http fetch GET 200 https://registry.npmjs.org/lodash.isplainobject 349ms (cache revalidated)
109 silly packumentCache full:https://registry.npmjs.org/lodash.isplainobject set size:38531 disposed:false
110 silly fetch manifest @next/swc-darwin-arm64@14.2.33
111 silly packumentCache full:https://registry.npmjs.org/@next%2fswc-darwin-arm64 cache-miss
112 http fetch GET 200 https://registry.npmjs.org/styled-jsx 107ms (cache revalidated)
113 silly packumentCache full:https://registry.npmjs.org/styled-jsx set size:436113 disposed:false
114 silly fetch manifest @next/swc-linux-x64-gnu@14.2.33
115 silly packumentCache full:https://registry.npmjs.org/@next%2fswc-linux-x64-gnu cache-miss
116 http fetch GET 200 https://registry.npmjs.org/@next%2fenv 171ms (cache revalidated)
117 silly packumentCache full:https://registry.npmjs.org/@next%2fenv set size:7763810 disposed:false
118 silly fetch manifest @next/swc-linux-x64-musl@14.2.33
119 silly packumentCache full:https://registry.npmjs.org/@next%2fswc-linux-x64-musl cache-miss
120 http fetch GET 200 https://registry.npmjs.org/lodash.isinteger 743ms (cache revalidated)
121 silly packumentCache full:https://registry.npmjs.org/lodash.isinteger set size:10827 disposed:false
122 silly fetch manifest @next/swc-win32-x64-msvc@14.2.33
123 silly packumentCache full:https://registry.npmjs.org/@next%2fswc-win32-x64-msvc cache-miss
124 http fetch GET 200 https://registry.npmjs.org/caniuse-lite 477ms (cache revalidated)
125 silly packumentCache full:https://registry.npmjs.org/caniuse-lite set size:2319807 disposed:false
126 silly fetch manifest @next/swc-linux-arm64-gnu@14.2.33
127 silly packumentCache full:https://registry.npmjs.org/@next%2fswc-linux-arm64-gnu cache-miss
128 http fetch GET 200 https://registry.npmjs.org/@next%2fswc-linux-x64-gnu 495ms (cache revalidated)
129 silly packumentCache full:https://registry.npmjs.org/@next%2fswc-linux-x64-gnu set size:5753480 disposed:false
130 silly fetch manifest @next/swc-win32-ia32-msvc@14.2.33
131 silly packumentCache full:https://registry.npmjs.org/@next%2fswc-win32-ia32-msvc cache-miss
132 http fetch GET 200 https://registry.npmjs.org/@swc%2fhelpers 758ms (cache revalidated)
133 silly packumentCache full:https://registry.npmjs.org/@swc%2fhelpers set size:775458 disposed:false
134 silly fetch manifest @next/swc-linux-arm64-musl@14.2.33
135 silly packumentCache full:https://registry.npmjs.org/@next%2fswc-linux-arm64-musl cache-miss
136 http fetch GET 200 https://registry.npmjs.org/@next%2fswc-darwin-arm64 764ms (cache revalidated)
137 silly packumentCache full:https://registry.npmjs.org/@next%2fswc-darwin-arm64 set size:5698631 disposed:false
138 silly fetch manifest @next/swc-win32-arm64-msvc@14.2.33
139 silly packumentCache full:https://registry.npmjs.org/@next%2fswc-win32-arm64-msvc cache-miss
140 http fetch GET 200 https://registry.npmjs.org/@next%2fswc-win32-x64-msvc 649ms (cache revalidated)
141 silly packumentCache full:https://registry.npmjs.org/@next%2fswc-win32-x64-msvc set size:5723667 disposed:false
142 silly fetch manifest scheduler@^0.23.2
143 silly packumentCache full:https://registry.npmjs.org/scheduler cache-miss
144 http fetch GET 200 https://registry.npmjs.org/@next%2fswc-linux-x64-musl 857ms (cache revalidated)
145 silly packumentCache full:https://registry.npmjs.org/@next%2fswc-linux-x64-musl set size:5509029 disposed:false
146 silly fetch manifest loose-envify@^1.1.0
147 silly packumentCache full:https://registry.npmjs.org/loose-envify cache-miss
148 http fetch GET 200 https://registry.npmjs.org/@next%2fswc-darwin-x64 1426ms (cache revalidated)
149 silly packumentCache full:https://registry.npmjs.org/@next%2fswc-darwin-x64 set size:5637317 disposed:false
150 silly fetch manifest loose-envify@^1.1.0
151 silly packumentCache full:https://registry.npmjs.org/loose-envify cache-miss
152 http fetch GET 200 https://registry.npmjs.org/@next%2fswc-win32-ia32-msvc 921ms (cache revalidated)
153 silly packumentCache full:https://registry.npmjs.org/@next%2fswc-win32-ia32-msvc set size:3201450 disposed:false
154 silly fetch manifest @prisma/engines@5.22.0
155 silly packumentCache full:https://registry.npmjs.org/@prisma%2fengines cache-miss
156 http fetch GET 200 https://registry.npmjs.org/@next%2fswc-linux-arm64-gnu 1186ms (cache revalidated)
157 silly packumentCache full:https://registry.npmjs.org/@next%2fswc-linux-arm64-gnu set size:5558930 disposed:false
158 silly fetch manifest fsevents@2.3.3
159 silly packumentCache full:https://registry.npmjs.org/fsevents cache-miss
160 http fetch GET 200 https://registry.npmjs.org/@next%2fswc-linux-arm64-musl 1101ms (cache revalidated)
161 silly packumentCache full:https://registry.npmjs.org/@next%2fswc-linux-arm64-musl set size:5578912 disposed:false
162 http cache https://registry.npmjs.org/scheduler 839ms (cache hit)
163 silly packumentCache full:https://registry.npmjs.org/scheduler set size:5792098 disposed:false
164 http fetch GET 200 https://registry.npmjs.org/loose-envify 842ms (cache revalidated)
165 silly packumentCache full:https://registry.npmjs.org/loose-envify set size:12559 disposed:false
166 http fetch GET 200 https://registry.npmjs.org/loose-envify 1003ms (cache revalidated)
167 silly packumentCache full:https://registry.npmjs.org/loose-envify set size:12559 disposed:false
168 silly packumentCache full:https://registry.npmjs.org/loose-envify dispose
169 http fetch GET 200 https://registry.npmjs.org/@next%2fswc-win32-arm64-msvc 1467ms (cache revalidated)
170 silly packumentCache full:https://registry.npmjs.org/@next%2fswc-win32-arm64-msvc set size:5539786 disposed:false
171 http cache https://registry.npmjs.org/fsevents 744ms (cache hit)
172 silly packumentCache full:https://registry.npmjs.org/fsevents set size:182472 disposed:false
173 http fetch GET 200 https://registry.npmjs.org/@prisma%2fengines 1271ms (cache revalidated)
174 silly packumentCache full:https://registry.npmjs.org/@prisma%2fengines set size:21967601 disposed:false
175 silly placeDep ROOT jws@4.0.1 OK for: jsonwebtoken@9.0.3 want: ^4.0.1
176 silly placeDep ROOT lodash.includes@4.3.0 OK for: jsonwebtoken@9.0.3 want: ^4.3.0
177 silly placeDep ROOT lodash.isboolean@3.0.3 OK for: jsonwebtoken@9.0.3 want: ^3.0.3
178 silly placeDep ROOT lodash.isinteger@4.0.4 OK for: jsonwebtoken@9.0.3 want: ^4.0.4
179 silly placeDep ROOT lodash.isnumber@3.0.3 OK for: jsonwebtoken@9.0.3 want: ^3.0.3
180 silly placeDep ROOT lodash.isplainobject@4.0.6 OK for: jsonwebtoken@9.0.3 want: ^4.0.6
181 silly placeDep ROOT lodash.isstring@4.0.1 OK for: jsonwebtoken@9.0.3 want: ^4.0.1
182 silly placeDep ROOT lodash.once@4.1.1 OK for: jsonwebtoken@9.0.3 want: ^4.0.0
183 silly placeDep ROOT ms@2.1.3 OK for: jsonwebtoken@9.0.3 want: ^2.1.1
184 silly placeDep ROOT semver@7.8.5 OK for: jsonwebtoken@9.0.3 want: ^7.5.4
185 silly fetch manifest jwa@^2.0.1
186 silly packumentCache full:https://registry.npmjs.org/jwa cache-miss
187 silly fetch manifest safe-buffer@^5.0.1
188 silly packumentCache full:https://registry.npmjs.org/safe-buffer cache-miss
189 http fetch GET 200 https://registry.npmjs.org/jwa 100ms (cache revalidated)
190 silly packumentCache full:https://registry.npmjs.org/jwa set size:39720 disposed:false
191 http fetch GET 200 https://registry.npmjs.org/safe-buffer 108ms (cache revalidated)
192 silly packumentCache full:https://registry.npmjs.org/safe-buffer set size:41183 disposed:false
193 silly placeDep ROOT jwa@2.0.1 OK for: jws@4.0.1 want: ^2.0.1
194 silly placeDep ROOT safe-buffer@5.2.1 OK for: jws@4.0.1 want: ^5.0.1
195 silly fetch manifest ecdsa-sig-formatter@1.0.11
196 silly packumentCache full:https://registry.npmjs.org/ecdsa-sig-formatter cache-miss
197 silly fetch manifest buffer-equal-constant-time@^1.0.1
198 silly packumentCache full:https://registry.npmjs.org/buffer-equal-constant-time cache-miss
199 http fetch GET 200 https://registry.npmjs.org/buffer-equal-constant-time 81ms (cache revalidated)
200 silly packumentCache full:https://registry.npmjs.org/buffer-equal-constant-time set size:4390 disposed:false
201 http fetch GET 200 https://registry.npmjs.org/ecdsa-sig-formatter 85ms (cache revalidated)
202 silly packumentCache full:https://registry.npmjs.org/ecdsa-sig-formatter set size:23546 disposed:false
203 silly placeDep ROOT buffer-equal-constant-time@1.0.1 OK for: jwa@2.0.1 want: ^1.0.1
204 silly placeDep ROOT ecdsa-sig-formatter@1.0.11 OK for: jwa@2.0.1 want: 1.0.11
205 silly fetch manifest react@^18.2.0
206 silly packumentCache full:https://registry.npmjs.org/react cache-miss
207 http cache https://registry.npmjs.org/react 44ms (cache hit)
208 silly packumentCache full:https://registry.npmjs.org/react set size:7016423 disposed:false
209 silly placeDep ROOT @next/env@14.2.35 OK for: next@14.2.35 want: 14.2.35
210 silly placeDep ROOT @next/swc-darwin-arm64@14.2.33 OK for: next@14.2.35 want: 14.2.33
211 silly placeDep ROOT @next/swc-darwin-x64@14.2.33 OK for: next@14.2.35 want: 14.2.33
212 silly placeDep ROOT @next/swc-linux-arm64-gnu@14.2.33 OK for: next@14.2.35 want: 14.2.33
213 silly placeDep ROOT @next/swc-linux-arm64-musl@14.2.33 OK for: next@14.2.35 want: 14.2.33
214 silly placeDep ROOT @next/swc-linux-x64-gnu@14.2.33 OK for: next@14.2.35 want: 14.2.33
215 silly placeDep ROOT @next/swc-linux-x64-musl@14.2.33 OK for: next@14.2.35 want: 14.2.33
216 silly placeDep ROOT @next/swc-win32-arm64-msvc@14.2.33 OK for: next@14.2.35 want: 14.2.33
217 silly placeDep ROOT @next/swc-win32-ia32-msvc@14.2.33 OK for: next@14.2.35 want: 14.2.33
218 silly placeDep ROOT @next/swc-win32-x64-msvc@14.2.33 OK for: next@14.2.35 want: 14.2.33
219 silly placeDep ROOT @swc/helpers@0.5.5 OK for: next@14.2.35 want: 0.5.5
220 silly placeDep ROOT busboy@1.6.0 OK for: next@14.2.35 want: 1.6.0
221 silly placeDep ROOT caniuse-lite@1.0.30001814 OK for: next@14.2.35 want: ^1.0.30001579
222 silly placeDep ROOT graceful-fs@4.2.11 OK for: next@14.2.35 want: ^4.2.11
223 silly placeDep ROOT postcss@8.4.31 OK for: next@14.2.35 want: 8.4.31
224 silly placeDep ROOT styled-jsx@5.1.1 OK for: next@14.2.35 want: 5.1.1
225 silly fetch manifest tslib@^2.4.0
226 silly packumentCache full:https://registry.npmjs.org/tslib cache-miss
227 silly fetch manifest @swc/counter@^0.1.3
228 silly packumentCache full:https://registry.npmjs.org/@swc%2fcounter cache-miss
229 silly fetch manifest streamsearch@^1.1.0
230 silly packumentCache full:https://registry.npmjs.org/streamsearch cache-miss
231 silly fetch manifest nanoid@^3.3.6
232 silly packumentCache full:https://registry.npmjs.org/nanoid cache-miss
233 silly fetch manifest picocolors@^1.0.0
234 silly packumentCache full:https://registry.npmjs.org/picocolors cache-miss
235 silly fetch manifest source-map-js@^1.0.2
236 silly packumentCache full:https://registry.npmjs.org/source-map-js cache-miss
237 silly fetch manifest client-only@0.0.1
238 silly packumentCache full:https://registry.npmjs.org/client-only cache-miss
239 http cache https://registry.npmjs.org/tslib 39ms (cache hit)
240 silly packumentCache full:https://registry.npmjs.org/tslib set size:108843 disposed:false
241 http cache https://registry.npmjs.org/source-map-js 40ms (cache hit)
242 silly packumentCache full:https://registry.npmjs.org/source-map-js set size:66688 disposed:false
243 http cache https://registry.npmjs.org/picocolors 47ms (cache hit)
244 silly packumentCache full:https://registry.npmjs.org/picocolors set size:16648 disposed:false
245 http cache https://registry.npmjs.org/nanoid 53ms (cache hit)
246 silly packumentCache full:https://registry.npmjs.org/nanoid set size:345858 disposed:false
247 http fetch GET 200 https://registry.npmjs.org/streamsearch 111ms (cache revalidated)
248 silly packumentCache full:https://registry.npmjs.org/streamsearch set size:27372 disposed:false
249 http fetch GET 200 https://registry.npmjs.org/client-only 111ms (cache revalidated)
250 silly packumentCache full:https://registry.npmjs.org/client-only set size:2750 disposed:false
251 http fetch GET 200 https://registry.npmjs.org/@swc%2fcounter 152ms (cache revalidated)
252 silly packumentCache full:https://registry.npmjs.org/@swc%2fcounter set size:7199 disposed:false
253 silly placeDep ROOT @swc/counter@0.1.3 OK for: @swc/helpers@0.5.5 want: ^0.1.3
254 silly placeDep ROOT tslib@2.8.1 OK for: @swc/helpers@0.5.5 want: ^2.4.0
255 silly placeDep ROOT streamsearch@1.1.0 OK for: busboy@1.6.0 want: ^1.1.0
256 silly placeDep ROOT nanoid@3.3.19 OK for: postcss@8.4.31 want: ^3.3.6
257 silly placeDep ROOT picocolors@1.1.1 OK for: postcss@8.4.31 want: ^1.0.0
258 silly placeDep ROOT source-map-js@1.2.2 OK for: postcss@8.4.31 want: ^1.0.2
259 silly placeDep ROOT @prisma/engines@5.22.0 OK for: prisma@5.22.0 want: 5.22.0
260 silly placeDep ROOT fsevents@2.3.3 OK for: prisma@5.22.0 want: 2.3.3
261 silly fetch manifest @prisma/debug@5.22.0
262 silly packumentCache full:https://registry.npmjs.org/@prisma%2fdebug cache-miss
263 silly fetch manifest @prisma/fetch-engine@5.22.0
264 silly packumentCache full:https://registry.npmjs.org/@prisma%2ffetch-engine cache-miss
265 silly fetch manifest @prisma/get-platform@5.22.0
266 silly packumentCache full:https://registry.npmjs.org/@prisma%2fget-platform cache-miss
267 silly fetch manifest @prisma/engines-version@5.22.0-44.605197351a3c8bdd595af2d2a9bc3025bca48ea2
268 silly packumentCache full:https://registry.npmjs.org/@prisma%2fengines-version cache-miss
269 http cache https://registry.npmjs.org/@prisma%2fdebug 245ms (cache hit)
270 silly packumentCache full:https://registry.npmjs.org/@prisma%2fdebug set size:28944873 disposed:false
271 http cache https://registry.npmjs.org/@prisma%2fget-platform 1277ms (cache hit)
272 silly packumentCache full:https://registry.npmjs.org/@prisma%2fget-platform set size:28618612 disposed:false
273 http fetch GET 200 https://registry.npmjs.org/@prisma%2ffetch-engine 2142ms (cache revalidated)
274 silly packumentCache full:https://registry.npmjs.org/@prisma%2ffetch-engine set size:32526681 disposed:false
275 http fetch GET 200 https://registry.npmjs.org/@prisma%2fengines-version 3360ms (cache revalidated)
276 silly packumentCache full:https://registry.npmjs.org/@prisma%2fengines-version set size:9952807 disposed:false
277 silly placeDep ROOT @prisma/debug@5.22.0 OK for: @prisma/engines@5.22.0 want: 5.22.0
278 silly placeDep ROOT @prisma/engines-version@5.22.0-44.605197351a3c8bdd595af2d2a9bc3025bca48ea2 OK for: @prisma/engines@5.22.0 want: 5.22.0-44.605197351a3c8bdd595af2d2a9bc3025bca48ea2
279 silly placeDep ROOT @prisma/fetch-engine@5.22.0 OK for: @prisma/engines@5.22.0 want: 5.22.0
280 silly placeDep ROOT @prisma/get-platform@5.22.0 OK for: @prisma/engines@5.22.0 want: 5.22.0
281 silly placeDep ROOT loose-envify@1.4.0 OK for: react@18.3.1 want: ^1.1.0
282 silly fetch manifest js-tokens@^3.0.0 || ^4.0.0
283 silly packumentCache full:https://registry.npmjs.org/js-tokens cache-miss
284 http fetch GET 200 https://registry.npmjs.org/js-tokens 98ms (cache revalidated)
285 silly packumentCache full:https://registry.npmjs.org/js-tokens set size:41947 disposed:false
286 silly placeDep ROOT js-tokens@4.0.0 OK for: loose-envify@1.4.0 want: ^3.0.0 || ^4.0.0
287 silly placeDep ROOT scheduler@0.23.2 OK for: react-dom@18.3.1 want: ^0.23.2
288 silly placeDep ROOT client-only@0.0.1 OK for: styled-jsx@5.1.1 want: 0.0.1
289 silly reify moves {}
290 silly audit bulk request {
290 silly audit   '@prisma/client': [ '5.22.0' ],
290 silly audit   bcryptjs: [ '2.4.3' ],
290 silly audit   jsonwebtoken: [ '9.0.3' ],
290 silly audit   next: [ '14.2.35' ],
290 silly audit   react: [ '18.3.1' ],
290 silly audit   'react-dom': [ '18.3.1' ],
290 silly audit   prisma: [ '5.22.0' ],
290 silly audit   jws: [ '4.0.1' ],
290 silly audit   'lodash.includes': [ '4.3.0' ],
290 silly audit   'lodash.isboolean': [ '3.0.3' ],
290 silly audit   'lodash.isinteger': [ '4.0.4' ],
290 silly audit   'lodash.isnumber': [ '3.0.3' ],
290 silly audit   'lodash.isplainobject': [ '4.0.6' ],
290 silly audit   'lodash.isstring': [ '4.0.1' ],
290 silly audit   'lodash.once': [ '4.1.1' ],
290 silly audit   ms: [ '2.1.3' ],
290 silly audit   semver: [ '7.8.5' ],
290 silly audit   jwa: [ '2.0.1' ],
290 silly audit   'safe-buffer': [ '5.2.1' ],
290 silly audit   'buffer-equal-constant-time': [ '1.0.1' ],
290 silly audit   'ecdsa-sig-formatter': [ '1.0.11' ],
290 silly audit   '@next/env': [ '14.2.35' ],
290 silly audit   '@next/swc-darwin-arm64': [ '14.2.33' ],
290 silly audit   '@next/swc-darwin-x64': [ '14.2.33' ],
290 silly audit   '@next/swc-linux-arm64-gnu': [ '14.2.33' ],
290 silly audit   '@next/swc-linux-arm64-musl': [ '14.2.33' ],
290 silly audit   '@next/swc-linux-x64-gnu': [ '14.2.33' ],
290 silly audit   '@next/swc-linux-x64-musl': [ '14.2.33' ],
290 silly audit   '@next/swc-win32-arm64-msvc': [ '14.2.33' ],
290 silly audit   '@next/swc-win32-ia32-msvc': [ '14.2.33' ],
290 silly audit   '@next/swc-win32-x64-msvc': [ '14.2.33' ],
290 silly audit   '@swc/helpers': [ '0.5.5' ],
290 silly audit   busboy: [ '1.6.0' ],
290 silly audit   'caniuse-lite': [ '1.0.30001814' ],
290 silly audit   'graceful-fs': [ '4.2.11' ],
290 silly audit   postcss: [ '8.4.31' ],
290 silly audit   'styled-jsx': [ '5.1.1' ],
290 silly audit   '@swc/counter': [ '0.1.3' ],
290 silly audit   tslib: [ '2.8.1' ],
290 silly audit   streamsearch: [ '1.1.0' ],
290 silly audit   nanoid: [ '3.3.19' ],
290 silly audit   picocolors: [ '1.1.1' ],
290 silly audit   'source-map-js': [ '1.2.2' ],
290 silly audit   '@prisma/engines': [ '5.22.0' ],
290 silly audit   fsevents: [ '2.3.3' ],
290 silly audit   '@prisma/debug': [ '5.22.0' ],
290 silly audit   '@prisma/engines-version': [ '5.22.0-44.605197351a3c8bdd595af2d2a9bc3025bca48ea2' ],
290 silly audit   '@prisma/fetch-engine': [ '5.22.0' ],
290 silly audit   '@prisma/get-platform': [ '5.22.0' ],
290 silly audit   'loose-envify': [ '1.4.0' ],
290 silly audit   'js-tokens': [ '4.0.0' ],
290 silly audit   scheduler: [ '0.23.2' ],
290 silly audit   'client-only': [ '0.0.1' ]
290 silly audit }
291 http cache client-only@https://registry.npmjs.org/client-only/-/client-only-0.0.1.tgz 1ms (cache hit)
292 http cache js-tokens@https://registry.npmjs.org/js-tokens/-/js-tokens-4.0.0.tgz 0ms (cache hit)
293 http cache loose-envify@https://registry.npmjs.org/loose-envify/-/loose-envify-1.4.0.tgz 0ms (cache hit)
294 http cache @prisma/get-platform@https://registry.npmjs.org/@prisma/get-platform/-/get-platform-5.22.0.tgz 0ms (cache hit)
295 http cache scheduler@https://registry.npmjs.org/scheduler/-/scheduler-0.23.2.tgz 0ms (cache hit)
296 http cache @prisma/fetch-engine@https://registry.npmjs.org/@prisma/fetch-engine/-/fetch-engine-5.22.0.tgz 1ms (cache hit)
297 http cache @prisma/debug@https://registry.npmjs.org/@prisma/debug/-/debug-5.22.0.tgz 0ms (cache hit)
298 http cache @prisma/engines@https://registry.npmjs.org/@prisma/engines/-/engines-5.22.0.tgz 0ms (cache hit)
299 http cache source-map-js@https://registry.npmjs.org/source-map-js/-/source-map-js-1.2.2.tgz 0ms (cache hit)
300 http cache picocolors@https://registry.npmjs.org/picocolors/-/picocolors-1.1.1.tgz 0ms (cache hit)
301 http cache nanoid@https://registry.npmjs.org/nanoid/-/nanoid-3.3.19.tgz 0ms (cache hit)
302 http cache streamsearch@https://registry.npmjs.org/streamsearch/-/streamsearch-1.1.0.tgz 1ms (cache hit)
303 http cache tslib@https://registry.npmjs.org/tslib/-/tslib-2.8.1.tgz 0ms (cache hit)
304 http cache @swc/counter@https://registry.npmjs.org/@swc/counter/-/counter-0.1.3.tgz 0ms (cache hit)
305 http cache styled-jsx@https://registry.npmjs.org/styled-jsx/-/styled-jsx-5.1.1.tgz 0ms (cache hit)
306 http cache graceful-fs@https://registry.npmjs.org/graceful-fs/-/graceful-fs-4.2.11.tgz 0ms (cache hit)
307 http cache postcss@https://registry.npmjs.org/postcss/-/postcss-8.4.31.tgz 0ms (cache hit)
308 http cache caniuse-lite@https://registry.npmjs.org/caniuse-lite/-/caniuse-lite-1.0.30001814.tgz 0ms (cache hit)
309 http cache @next/env@https://registry.npmjs.org/@next/env/-/env-14.2.35.tgz 0ms (cache hit)
310 http cache busboy@https://registry.npmjs.org/busboy/-/busboy-1.6.0.tgz 0ms (cache hit)
311 http cache ecdsa-sig-formatter@https://registry.npmjs.org/ecdsa-sig-formatter/-/ecdsa-sig-formatter-1.0.11.tgz 1ms (cache hit)
312 http cache safe-buffer@https://registry.npmjs.org/safe-buffer/-/safe-buffer-5.2.1.tgz 1ms (cache hit)
313 http cache buffer-equal-constant-time@https://registry.npmjs.org/buffer-equal-constant-time/-/buffer-equal-constant-time-1.0.1.tgz 1ms (cache hit)
314 http cache jwa@https://registry.npmjs.org/jwa/-/jwa-2.0.1.tgz 0ms (cache hit)
315 http cache ms@https://registry.npmjs.org/ms/-/ms-2.1.3.tgz 0ms (cache hit)
316 http cache @swc/helpers@https://registry.npmjs.org/@swc/helpers/-/helpers-0.5.5.tgz 0ms (cache hit)
317 http cache lodash.once@https://registry.npmjs.org/lodash.once/-/lodash.once-4.1.1.tgz 0ms (cache hit)
318 http cache semver@https://registry.npmjs.org/semver/-/semver-7.8.5.tgz 0ms (cache hit)
319 http cache lodash.isplainobject@https://registry.npmjs.org/lodash.isplainobject/-/lodash.isplainobject-4.0.6.tgz 0ms (cache hit)
320 http cache lodash.isinteger@https://registry.npmjs.org/lodash.isinteger/-/lodash.isinteger-4.0.4.tgz 0ms (cache hit)
321 http cache lodash.isstring@https://registry.npmjs.org/lodash.isstring/-/lodash.isstring-4.0.1.tgz 0ms (cache hit)
322 http cache lodash.isboolean@https://registry.npmjs.org/lodash.isboolean/-/lodash.isboolean-3.0.3.tgz 0ms (cache hit)
323 http cache lodash.isnumber@https://registry.npmjs.org/lodash.isnumber/-/lodash.isnumber-3.0.3.tgz 0ms (cache hit)
324 http cache jws@https://registry.npmjs.org/jws/-/jws-4.0.1.tgz 0ms (cache hit)
325 http cache react-dom@https://registry.npmjs.org/react-dom/-/react-dom-18.3.1.tgz 0ms (cache hit)
326 http cache lodash.includes@https://registry.npmjs.org/lodash.includes/-/lodash.includes-4.3.0.tgz 0ms (cache hit)
327 http cache prisma@https://registry.npmjs.org/prisma/-/prisma-5.22.0.tgz 0ms (cache hit)
328 http cache react@https://registry.npmjs.org/react/-/react-18.3.1.tgz 1ms (cache hit)
329 http cache bcryptjs@https://registry.npmjs.org/bcryptjs/-/bcryptjs-2.4.3.tgz 0ms (cache hit)
330 http cache @prisma/client@https://registry.npmjs.org/@prisma/client/-/client-5.22.0.tgz 0ms (cache hit)
331 http cache next@https://registry.npmjs.org/next/-/next-14.2.35.tgz 0ms (cache hit)
332 http cache jsonwebtoken@https://registry.npmjs.org/jsonwebtoken/-/jsonwebtoken-9.0.3.tgz 0ms (cache hit)
333 http cache @prisma/engines-version@https://registry.npmjs.org/@prisma/engines-version/-/engines-version-5.22.0-44.605197351a3c8bdd595af2d2a9bc3025bca48ea2.tgz 0ms (cache hit)
334 http fetch POST 200 https://registry.npmjs.org/-/npm/v1/security/advisories/bulk 1724ms
335 silly audit report {
335 silly audit report   next: [
335 silly audit report     {
335 silly audit report       id: 1117931,
335 silly audit report       url: 'https://github.com/advisories/GHSA-8h8q-6873-q5fj',
335 silly audit report       title: 'Next.js Vulnerable to Denial of Service with Server Components',
335 silly audit report       severity: 'high',
335 silly audit report       vulnerable_versions: '>=13.0.0 <15.5.16',
335 silly audit report       cwe: [Array],
335 silly audit report       cvss: [Object]
335 silly audit report     },
335 silly audit report     {
335 silly audit report       id: 1118942,
335 silly audit report       url: 'https://github.com/advisories/GHSA-3g8h-86w9-wvmq',
335 silly audit report       title: "Next.js's Middleware / Proxy redirects can be cache-poisoned",
335 silly audit report       severity: 'low',
335 silly audit report       vulnerable_versions: '>=12.2.0 <15.5.16',
335 silly audit report       cwe: [Array],
335 silly audit report       cvss: [Object]
335 silly audit report     },
335 silly audit report     {
335 silly audit report       id: 1118944,
335 silly audit report       url: 'https://github.com/advisories/GHSA-ffhc-5mcf-pf4q',
335 silly audit report       title: 'Next.js vulnerable to cross-site scripting in App Router applications using CSP nonces',
335 silly audit report       severity: 'moderate',
335 silly audit report       vulnerable_versions: '>=13.4.0 <15.5.16',
335 silly audit report       cwe: [Array],
335 silly audit report       cvss: [Object]
335 silly audit report     },
335 silly audit report     {
335 silly audit report       id: 1118946,
335 silly audit report       url: 'https://github.com/advisories/GHSA-vfv6-92ff-j949',
335 silly audit report       title: 'Next.js vulnerable to cache poisoning via collisions in React Server Component cache-busting',
335 silly audit report       severity: 'low',
335 silly audit report       vulnerable_versions: '>=13.4.6 <15.5.16',
335 silly audit report       cwe: [Array],
335 silly audit report       cvss: [Object]
335 silly audit report     },
335 silly audit report     {
335 silly audit report       id: 1118948,
335 silly audit report       url: 'https://github.com/advisories/GHSA-gx5p-jg67-6x7h',
335 silly audit report       title: 'Next.js has cross-site scripting in beforeInteractive scripts with untrusted input',
335 silly audit report       severity: 'moderate',
335 silly audit report       vulnerable_versions: '>=13.0.0 <15.5.16',
335 silly audit report       cwe: [Array],
335 silly audit report       cvss: [Object]
335 silly audit report     },
335 silly audit report     {
335 silly audit report       id: 1118952,
335 silly audit report       url: 'https://github.com/advisories/GHSA-h64f-5h5j-jqjh',
335 silly audit report       title: 'Next.js has a Denial of Service in the Image Optimization API',
335 silly audit report       severity: 'moderate',
335 silly audit report       vulnerable_versions: '>=10.0.0 <15.5.16',
335 silly audit report       cwe: [Array],
335 silly audit report       cvss: [Object]
335 silly audit report     },
335 silly audit report     {
335 silly audit report       id: 1118954,
335 silly audit report       url: 'https://github.com/advisories/GHSA-c4j6-fc7j-m34r',
335 silly audit report       title: 'Next.js vulnerable to server-side request forgery in applications using WebSocket upgrades',
335 silly audit report       severity: 'high',
335 silly audit report       vulnerable_versions: '>=13.4.13 <15.5.16',
335 silly audit report       cwe: [Array],
335 silly audit report       cvss: [Object]
335 silly audit report     },
335 silly audit report     {
335 silly audit report       id: 1118958,
335 silly audit report       url: 'https://github.com/advisories/GHSA-wfc6-r584-vfw7',
335 silly audit report       title: 'Next.js vulnerable to cache poisoning in React Server Component responses',
335 silly audit report       severity: 'moderate',
335 silly audit report       vulnerable_versions: '>=14.2.0 <15.5.16',
335 silly audit report       cwe: [Array],
335 silly audit report       cvss: [Object]
335 silly audit report     },
335 silly audit report     {
335 silly audit report       id: 1118962,
335 silly audit report       url: 'https://github.com/advisories/GHSA-36qx-fr4f-26g5',
335 silly audit report       title: 'Next.js has a Middleware / Proxy bypass in Pages Router applications using i18n',
335 silly audit report       severity: 'high',
335 silly audit report       vulnerable_versions: '>=12.2.0 <15.5.16',
335 silly audit report       cwe: [Array],
335 silly audit report       cvss: [Object]
335 silly audit report     },
335 silly audit report     {
335 silly audit report       id: 1112593,
335 silly audit report       url: 'https://github.com/advisories/GHSA-9g9p-9gw9-jx7f',
335 silly audit report       title: 'Next.js self-hosted applications vulnerable to DoS via Image Optimizer remotePatterns configuration',
335 silly audit report       severity: 'moderate',
335 silly audit report       vulnerable_versions: '>=10.0.0 <15.5.10',
335 silly audit report       cwe: [Array],
335 silly audit report       cvss: [Object]
335 silly audit report     },
335 silly audit report     {
335 silly audit report       id: 1112653,
335 silly audit report       url: 'https://github.com/advisories/GHSA-h25m-26qc-wcjf',
335 silly audit report       title: 'Next.js HTTP request deserialization can lead to DoS when using insecure React Server Components',
335 silly audit report       severity: 'high',
335 silly audit report       vulnerable_versions: '>=13.0.0 <15.0.8',
335 silly audit report       cwe: [Array],
335 silly audit report       cvss: [Object]
335 silly audit report     },
335 silly audit report     {
335 silly audit report       id: 1114897,
335 silly audit report       url: 'https://github.com/advisories/GHSA-ggv3-7p47-pfv8',
335 silly audit report       title: 'Next.js: HTTP request smuggling in rewrites',
335 silly audit report       severity: 'moderate',
335 silly audit report       vulnerable_versions: '>=9.5.0 <15.5.13',
335 silly audit report       cwe: [Array],
335 silly audit report       cvss: [Object]
335 silly audit report     },
335 silly audit report     {
335 silly audit report       id: 1114940,
335 silly audit report       url: 'https://github.com/advisories/GHSA-3x4c-7xq6-9pq8',
335 silly audit report       title: 'Next.js: Unbounded next/image disk cache growth can exhaust storage',
335 silly audit report       severity: 'moderate',
335 silly audit report       vulnerable_versions: '>=10.0.0 <15.5.14',
335 silly audit report       cwe: [Array],
335 silly audit report       cvss: [Object]
335 silly audit report     },
335 silly audit report     {
335 silly audit report       id: 1116376,
335 silly audit report       url: 'https://github.com/advisories/GHSA-q4gf-8mx6-v5v3',
335 silly audit report       title: 'Next.js has a Denial of Service with Server Components',
335 silly audit report       severity: 'high',
335 silly audit report       vulnerable_versions: '>=13.0.0 <15.5.15',
335 silly audit report       cwe: [Array],
335 silly audit report       cvss: [Object]
335 silly audit report     },
335 silly audit report     {
335 silly audit report       id: 1124185,
335 silly audit report       url: 'https://github.com/advisories/GHSA-89xv-2m56-2m9x',
335 silly audit report       title: 'Next.js: Server-Side Request Forgery in Server Actions on custom servers',
335 silly audit report       severity: 'high',
335 silly audit report       vulnerable_versions: '>=14.1.1 <15.5.21',
335 silly audit report       cwe: [Array],
335 silly audit report       cvss: [Object]
335 silly audit report     },
335 silly audit report     {
335 silly audit report       id: 1124172,
335 silly audit report       url: 'https://github.com/advisories/GHSA-m99w-x7hq-7vfj',
335 silly audit report       title: 'Next.js: Denial of Service in App Router using Server Actions',
335 silly audit report       severity: 'high',
335 silly audit report       vulnerable_versions: '>=13.0.0 <15.5.21',
335 silly audit report       cwe: [Array],
335 silly audit report       cvss: [Object]
335 silly audit report     },
335 silly audit report     {
335 silly audit report       id: 1124187,
335 silly audit report       url: 'https://github.com/advisories/GHSA-68g3-v927-f742',
335 silly audit report       title: 'Next.js: Cache confusion of response bodies for requests with bodies',
335 silly audit report       severity: 'moderate',
335 silly audit report       vulnerable_versions: '>=13.0.0 <15.5.21',
335 silly audit report       cwe: [Array],
335 silly audit report       cvss: [Object]
335 silly audit report     },
335 silly audit report     {
335 silly audit report       id: 1124189,
335 silly audit report       url: 'https://github.com/advisories/GHSA-4633-3j49-mh5q',
335 silly audit report       title: 'Next.js: Cache confusion of response bodies for requests with bodies containing invalid UTF-8 byte sequences',
335 silly audit report       severity: 'moderate',
335 silly audit report       vulnerable_versions: '>=13.0.0 <15.5.21',
335 silly audit report       cwe: [Array],
335 silly audit report       cvss: [Object]
335 silly audit report     },
335 silly audit report     {
335 silly audit report       id: 1124191,
335 silly audit report       url: 'https://github.com/advisories/GHSA-4c39-4ccg-62r3',
335 silly audit report       title: 'Next.js: Unbounded Server Action payload in Edge runtime',
335 silly audit report       severity: 'moderate',
335 silly audit report       vulnerable_versions: '>=13.0.0 <15.5.21',
335 silly audit report       cwe: [Array],
335 silly audit report       cvss: [Object]
335 silly audit report     },
335 silly audit report     {
335 silly audit report       id: 1124193,
335 silly audit report       url: 'https://github.com/advisories/GHSA-p9j2-gv94-2wf4',
335 silly audit report       title: 'Next.js: Server-Side Request Forgery in rewrites via attacker-controlled destination hostname',
335 silly audit report       severity: 'high',
335 silly audit report       vulnerable_versions: '>=12.0.0 <15.5.21',
335 silly audit report       cwe: [Array],
335 silly audit report       cvss: [Object]
335 silly audit report     },
335 silly audit report     {
335 silly audit report       id: 1124197,
335 silly audit report       url: 'https://github.com/advisories/GHSA-955p-x3mx-jcvp',
335 silly audit report       title: 'Next.js: Unauthenticated disclosure of internal Server Function endpoints',
335 silly audit report       severity: 'moderate',
335 silly audit report       vulnerable_versions: '>=13.0.0 <15.5.21',
335 silly audit report       cwe: [Array],
335 silly audit report       cvss: [Object]
335 silly audit report     },
335 silly audit report     {
335 silly audit report       id: 1193677,
335 silly audit report       url: 'https://github.com/advisories/GHSA-p293-qw3h-jr36',
335 silly audit report       title: 'Next.js: Unauthenticated Remote Code Execution on windows-hosted servers',
335 silly audit report       severity: 'critical',
335 silly audit report       vulnerable_versions: '>=13.4.0 <15.5.24',
335 silly audit report       cwe: [Array],
335 silly audit report       cvss: [Object]
335 silly audit report     },
335 silly audit report     {
335 silly audit report       id: 1193733,
335 silly audit report       url: 'https://github.com/advisories/GHSA-2xp9-vwfh-vxw4',
335 silly audit report       title: 'Next.js: Unauthenticated Remote Code Execution in Image Optimization API when AVIF files are used',
335 silly audit report       severity: 'critical',
335 silly audit report       vulnerable_versions: '>=10.0.0 <15.5.24',
335 silly audit report       cwe: [Array],
335 silly audit report       cvss: [Object]
335 silly audit report     }
335 silly audit report   ],
335 silly audit report   postcss: [
335 silly audit report     {
335 silly audit report       id: 1130709,
335 silly audit report       url: 'https://github.com/advisories/GHSA-fxqj-rqcc-2cmp',
335 silly audit report       title: 'PostCSS: incomplete fix of GHSA-6g55-p6wh-862q — attacker-controlled sourceMappingURL reads arbitrary .map files when `from` is unset',
335 silly audit report       severity: 'moderate',
335 silly audit report       vulnerable_versions: '<=8.5.22',
335 silly audit report       cwe: [Array],
335 silly audit report       cvss: [Object]
335 silly audit report     },
335 silly audit report     {
335 silly audit report       id: 1117015,
335 silly audit report       url: 'https://github.com/advisories/GHSA-qx2v-qp2m-jg93',
335 silly audit report       title: 'PostCSS has XSS via Unescaped </style> in its CSS Stringify Output',
335 silly audit report       severity: 'moderate',
335 silly audit report       vulnerable_versions: '<8.5.10',
335 silly audit report       cwe: [Array],
335 silly audit report       cvss: [Object]
335 silly audit report     },
335 silly audit report     {
335 silly audit report       id: 1124252,
335 silly audit report       url: 'https://github.com/advisories/GHSA-6g55-p6wh-862q',
335 silly audit report       title: 'PostCSS: Arbitrary file read and information disclosure via attacker-controlled sourceMappingURL in CSS comments',
335 silly audit report       severity: 'high',
335 silly audit report       vulnerable_versions: '<=8.5.11',
335 silly audit report       cwe: [Array],
335 silly audit report       cvss: [Object]
335 silly audit report     },
335 silly audit report     {
335 silly audit report       id: 1139510,
335 silly audit report       url: 'https://github.com/advisories/GHSA-r28c-9q8g-f849',
335 silly audit report       title: 'PostCSS: Path Traversal in Previous Source Map Auto-Loading (sourceMappingURL) leads to Arbitrary .map File Disclosure',
335 silly audit report       severity: 'high',
335 silly audit report       vulnerable_versions: '<=8.5.17',
335 silly audit report       cwe: [Array],
335 silly audit report       cvss: [Object]
335 silly audit report     }
335 silly audit report   ]
335 silly audit report }
336 silly packumentCache corgi:https://registry.npmjs.org/next cache-miss
337 silly packumentCache corgi:https://registry.npmjs.org/postcss cache-miss
338 http fetch GET 200 https://registry.npmjs.org/postcss 363ms (cache revalidated)
339 silly packumentCache corgi:https://registry.npmjs.org/postcss set size:357674 disposed:false
340 http fetch GET 200 https://registry.npmjs.org/next 549ms (cache revalidated)
341 silly packumentCache corgi:https://registry.npmjs.org/next set size:25607776 disposed:false
342 info run prisma@5.22.0 preinstall node_modules/prisma node scripts/preinstall-entry.js
343 info run prisma@5.22.0 preinstall { code: 0, signal: null }
344 info run @prisma/client@5.22.0 postinstall node_modules/@prisma/client node scripts/postinstall.js
345 info run @prisma/engines@5.22.0 postinstall node_modules/@prisma/engines node scripts/postinstall.js
346 info run @prisma/engines@5.22.0 postinstall { code: 0, signal: null }
347 info run @prisma/client@5.22.0 postinstall { code: 0, signal: null }
348 silly ADD node_modules/client-only
349 silly ADD node_modules/scheduler
350 silly ADD node_modules/js-tokens
351 silly ADD node_modules/loose-envify
352 silly ADD node_modules/@prisma/get-platform
353 silly ADD node_modules/@prisma/fetch-engine
354 silly ADD node_modules/@prisma/engines-version
355 silly ADD node_modules/@prisma/debug
356 silly ADD node_modules/@prisma/engines
357 silly ADD node_modules/source-map-js
358 silly ADD node_modules/picocolors
359 silly ADD node_modules/nanoid
360 silly ADD node_modules/streamsearch
361 silly ADD node_modules/tslib
362 silly ADD node_modules/@swc/counter
363 silly ADD node_modules/styled-jsx
364 silly ADD node_modules/postcss
365 silly ADD node_modules/graceful-fs
366 silly ADD node_modules/caniuse-lite
367 silly ADD node_modules/busboy
368 silly ADD node_modules/@swc/helpers
369 silly ADD node_modules/@next/env
370 silly ADD node_modules/ecdsa-sig-formatter
371 silly ADD node_modules/buffer-equal-constant-time
372 silly ADD node_modules/safe-buffer
373 silly ADD node_modules/jwa
374 silly ADD node_modules/semver
375 silly ADD node_modules/ms
376 silly ADD node_modules/lodash.once
377 silly ADD node_modules/lodash.isstring
378 silly ADD node_modules/lodash.isplainobject
379 silly ADD node_modules/lodash.isnumber
380 silly ADD node_modules/lodash.isinteger
381 silly ADD node_modules/lodash.isboolean
382 silly ADD node_modules/lodash.includes
383 silly ADD node_modules/jws
384 silly ADD node_modules/prisma
385 silly ADD node_modules/react-dom
386 silly ADD node_modules/react
387 silly ADD node_modules/next
388 silly ADD node_modules/jsonwebtoken
389 silly ADD node_modules/bcryptjs
390 silly ADD node_modules/@prisma/client
391 warn install-scripts 3 packages have install scripts not yet covered by allowScripts:
391 warn install-scripts   @prisma/client@5.22.0 (postinstall: node scripts/postinstall.js)
391 warn install-scripts   prisma@5.22.0 (preinstall: node scripts/preinstall-entry.js)
391 warn install-scripts   @prisma/engines@5.22.0 (postinstall: node scripts/postinstall.js)
391 warn install-scripts
391 warn install-scripts Run `npm install-scripts ls` to review, or `npm install-scripts approve <pkg>` to allow.
392 verbose cwd /data/data/com.termux/files/home/ai-sandbox-backend
393 verbose os Linux 6.6.89-android15-8-abA146PXXSJEZH6-4k
394 verbose node v26.4.0
395 verbose npm  v11.20.0
396 verbose exit 0
397 info ok
